  Determining projects to restore...
  Todos os projetos est├úo atualizados para restaura├º├úo.
C:\Program Files\dotnet\sdk\10.0.100-rc.1.25451.107\Sdks\Microsoft.NET.Sdk\targets\Microsoft.NET.RuntimeIdentifierInference.targets(345,5): message NETSDK1057: Voc├¬ est├í usando uma vers├úo de visualiza├º├úo do .NET. Veja: https://aka.ms/dotnet-support-policy [C:\Users\Lugia\source\repos\KitLugia\KitLugia.GUI\KitLugia.GUI.csproj]
C:\Program Files\dotnet\sdk\10.0.100-rc.1.25451.107\Sdks\Microsoft.NET.Sdk\targets\Microsoft.NET.RuntimeIdentifierInference.targets(345,5): message NETSDK1057: Voc├¬ est├í usando uma vers├úo de visualiza├º├úo do .NET. Veja: https://aka.ms/dotnet-support-policy [C:\Users\Lugia\source\repos\KitLugia\KitLugia.Core\KitLugia.Core.csproj]
  KitLugia.Core -> C:\Users\Lugia\source\repos\KitLugia\KitLugia.Core\bin\Debug\net8.0\KitLugia.Core.dll
C:\Users\Lugia\source\repos\KitLugia\KitLugia.GUI\Pages\DashboardPage.xaml.cs(15,13): warning CS4014: Como esta chamada n├úo ├® aguardada, a execu├º├úo do m├®todo atual continua antes da conclus├úo da chamada. Considere aplicar o operador 'await' ao resultado da chamada. [C:\Users\Lugia\source\repos\KitLugia\KitLugia.GUI\KitLugia.GUI_5vymkrh2_wpftmp.csproj]
C:\Users\Lugia\source\repos\KitLugia\KitLugia.GUI\Pages\BloatwarePage.xaml.cs(24,13): warning CS4014: Como esta chamada n├úo ├® aguardada, a execu├º├úo do m├®todo atual continua antes da conclus├úo da chamada. Considere aplicar o operador 'await' ao resultado da chamada. [C:\Users\Lugia\source\repos\KitLugia\KitLugia.GUI\KitLugia.GUI_5vymkrh2_wpftmp.csproj]
C:\Users\Lugia\source\repos\KitLugia\KitLugia.GUI\Pages\GamesPage.xaml.cs(15,13): warning CS4014: Como esta chamada n├úo ├® aguardada, a execu├º├úo do m├®todo atual continua antes da conclus├úo da chamada. Considere aplicar o operador 'await' ao resultado da chamada. [C:\Users\Lugia\source\repos\KitLugia\KitLugia.GUI\KitLugia.GUI_5vymkrh2_wpftmp.csproj]
C:\Users\Lugia\source\repos\KitLugia\KitLugia.GUI\Pages\DriversPage.xaml.cs(25,13): warning CS4014: Como esta chamada n├úo ├® aguardada, a execu├º├úo do m├®todo atual continua antes da conclus├úo da chamada. Considere aplicar o operador 'await' ao resultado da chamada. [C:\Users\Lugia\source\repos\KitLugia\KitLugia.GUI\KitLugia.GUI_5vymkrh2_wpftmp.csproj]
C:\Users\Lugia\source\repos\KitLugia\KitLugia.GUI\Pages\DriversPage.xaml.cs(26,13): warning CS4014: Como esta chamada n├úo ├® aguardada, a execu├º├úo do m├®todo atual continua antes da conclus├úo da chamada. Considere aplicar o operador 'await' ao resultado da chamada. [C:\Users\Lugia\source\repos\KitLugia\KitLugia.GUI\KitLugia.GUI_5vymkrh2_wpftmp.csproj]
C:\Users\Lugia\source\repos\KitLugia\KitLugia.GUI\Pages\IntegrityPage.xaml.cs(26,13): warning CS4014: Como esta chamada n├úo ├® aguardada, a execu├º├úo do m├®todo atual continua antes da conclus├úo da chamada. Considere aplicar o operador 'await' ao resultado da chamada. [C:\Users\Lugia\source\repos\KitLugia\KitLugia.GUI\KitLugia.GUI_5vymkrh2_wpftmp.csproj]
C:\Users\Lugia\source\repos\KitLugia\KitLugia.GUI\Pages\NetworkPage.xaml.cs(31,13): warning CS4014: Como esta chamada n├úo ├® aguardada, a execu├º├úo do m├®todo atual continua antes da conclus├úo da chamada. Considere aplicar o operador 'await' ao resultado da chamada. [C:\Users\Lugia\source\repos\KitLugia\KitLugia.GUI\KitLugia.GUI_5vymkrh2_wpftmp.csproj]
C:\Users\Lugia\source\repos\KitLugia\KitLugia.GUI\Pages\BloatwarePage.xaml.cs(77,13): warning CS4014: Como esta chamada n├úo ├® aguardada, a execu├º├úo do m├®todo atual continua antes da conclus├úo da chamada. Considere aplicar o operador 'await' ao resultado da chamada. [C:\Users\Lugia\source\repos\KitLugia\KitLugia.GUI\KitLugia.GUI_5vymkrh2_wpftmp.csproj]
C:\Users\Lugia\source\repos\KitLugia\KitLugia.GUI\Pages\PartitionPage.xaml.cs(23,19): error CS0104: "Application" ├® uma refer├¬ncia amb├¡gua entre "System.Windows.Forms.Application" e "System.Windows.Application" [C:\Users\Lugia\source\repos\KitLugia\KitLugia.GUI\KitLugia.GUI_5vymkrh2_wpftmp.csproj]
C:\Users\Lugia\source\repos\KitLugia\KitLugia.GUI\Pages\PartitionPage.xaml.cs(34,19): error CS0104: "Application" ├® uma refer├¬ncia amb├¡gua entre "System.Windows.Forms.Application" e "System.Windows.Application" [C:\Users\Lugia\source\repos\KitLugia\KitLugia.GUI\KitLugia.GUI_5vymkrh2_wpftmp.csproj]
C:\Users\Lugia\source\repos\KitLugia\KitLugia.GUI\Pages\IntegrityPage.xaml.cs(119,13): warning CS4014: Como esta chamada n├úo ├® aguardada, a execu├º├úo do m├®todo atual continua antes da conclus├úo da chamada. Considere aplicar o operador 'await' ao resultado da chamada. [C:\Users\Lugia\source\repos\KitLugia\KitLugia.GUI\KitLugia.GUI_5vymkrh2_wpftmp.csproj]
C:\Users\Lugia\source\repos\KitLugia\KitLugia.GUI\Pages\NetworkPage.xaml.cs(99,13): warning CS4014: Como esta chamada n├úo ├® aguardada, a execu├º├úo do m├®todo atual continua antes da conclus├úo da chamada. Considere aplicar o operador 'await' ao resultado da chamada. [C:\Users\Lugia\source\repos\KitLugia\KitLugia.GUI\KitLugia.GUI_5vymkrh2_wpftmp.csproj]
C:\Users\Lugia\source\repos\KitLugia\KitLugia.GUI\Pages\NetworkPage.xaml.cs(102,82): warning CS4014: Como esta chamada n├úo ├® aguardada, a execu├º├úo do m├®todo atual continua antes da conclus├úo da chamada. Considere aplicar o operador 'await' ao resultado da chamada. [C:\Users\Lugia\source\repos\KitLugia\KitLugia.GUI\KitLugia.GUI_5vymkrh2_wpftmp.csproj]
C:\Users\Lugia\source\repos\KitLugia\KitLugia.GUI\Pages\NetworkPage.xaml.cs(103,78): warning CS4014: Como esta chamada n├úo ├® aguardada, a execu├º├úo do m├®todo atual continua antes da conclus├úo da chamada. Considere aplicar o operador 'await' ao resultado da chamada. [C:\Users\Lugia\source\repos\KitLugia\KitLugia.GUI\KitLugia.GUI_5vymkrh2_wpftmp.csproj]
C:\Users\Lugia\source\repos\KitLugia\KitLugia.GUI\Pages\NetworkPage.xaml.cs(104,77): warning CS4014: Como esta chamada n├úo ├® aguardada, a execu├º├úo do m├®todo atual continua antes da conclus├úo da chamada. Considere aplicar o operador 'await' ao resultado da chamada. [C:\Users\Lugia\source\repos\KitLugia\KitLugia.GUI\KitLugia.GUI_5vymkrh2_wpftmp.csproj]
C:\Users\Lugia\source\repos\KitLugia\KitLugia.GUI\Pages\PartitionPage.xaml.cs(42,19): error CS0104: "Application" ├® uma refer├¬ncia amb├¡gua entre "System.Windows.Forms.Application" e "System.Windows.Application" [C:\Users\Lugia\source\repos\KitLugia\KitLugia.GUI\KitLugia.GUI_5vymkrh2_wpftmp.csproj]
C:\Users\Lugia\source\repos\KitLugia\KitLugia.GUI\Pages\PartitionPage.xaml.cs(73,13): error CS0104: "MessageBox" ├® uma refer├¬ncia amb├¡gua entre "System.Windows.Forms.MessageBox" e "System.Windows.MessageBox" [C:\Users\Lugia\source\repos\KitLugia\KitLugia.GUI\KitLugia.GUI_5vymkrh2_wpftmp.csproj]
C:\Users\Lugia\source\repos\KitLugia\KitLugia.GUI\Pages\PartitionPage.xaml.cs(78,19): error CS0104: "Application" ├® uma refer├¬ncia amb├¡gua entre "System.Windows.Forms.Application" e "System.Windows.Application" [C:\Users\Lugia\source\repos\KitLugia\KitLugia.GUI\KitLugia.GUI_5vymkrh2_wpftmp.csproj]
C:\Users\Lugia\source\repos\KitLugia\KitLugia.GUI\Pages\IntegrityPage.xaml.cs(179,21): warning CS4014: Como esta chamada n├úo ├® aguardada, a execu├º├úo do m├®todo atual continua antes da conclus├úo da chamada. Considere aplicar o operador 'await' ao resultado da chamada. [C:\Users\Lugia\source\repos\KitLugia\KitLugia.GUI\KitLugia.GUI_5vymkrh2_wpftmp.csproj]
C:\Users\Lugia\source\repos\KitLugia\KitLugia.GUI\Pages\PrivacyPage.xaml.cs(100,85): warning CS4014: Como esta chamada n├úo ├® aguardada, a execu├º├úo do m├®todo atual continua antes da conclus├úo da chamada. Considere aplicar o operador 'await' ao resultado da chamada. [C:\Users\Lugia\source\repos\KitLugia\KitLugia.GUI\KitLugia.GUI_5vymkrh2_wpftmp.csproj]
C:\Users\Lugia\source\repos\KitLugia\KitLugia.GUI\Pages\PrivacyPage.xaml.cs(101,81): warning CS4014: Como esta chamada n├úo ├® aguardada, a execu├º├úo do m├®todo atual continua antes da conclus├úo da chamada. Considere aplicar o operador 'await' ao resultado da chamada. [C:\Users\Lugia\source\repos\KitLugia\KitLugia.GUI\KitLugia.GUI_5vymkrh2_wpftmp.csproj]
C:\Users\Lugia\source\repos\KitLugia\KitLugia.GUI\Pages\PrivacyPage.xaml.cs(102,88): warning CS4014: Como esta chamada n├úo ├® aguardada, a execu├º├úo do m├®todo atual continua antes da conclus├úo da chamada. Considere aplicar o operador 'await' ao resultado da chamada. [C:\Users\Lugia\source\repos\KitLugia\KitLugia.GUI\KitLugia.GUI_5vymkrh2_wpftmp.csproj]
C:\Users\Lugia\source\repos\KitLugia\KitLugia.GUI\Pages\ServicesPage.xaml.cs(33,13): warning CS4014: Como esta chamada n├úo ├® aguardada, a execu├º├úo do m├®todo atual continua antes da conclus├úo da chamada. Considere aplicar o operador 'await' ao resultado da chamada. [C:\Users\Lugia\source\repos\KitLugia\KitLugia.GUI\KitLugia.GUI_5vymkrh2_wpftmp.csproj]
C:\Users\Lugia\source\repos\KitLugia\KitLugia.GUI\Pages\ServicesPage.xaml.cs(34,13): warning CS4014: Como esta chamada n├úo ├® aguardada, a execu├º├úo do m├®todo atual continua antes da conclus├úo da chamada. Considere aplicar o operador 'await' ao resultado da chamada. [C:\Users\Lugia\source\repos\KitLugia\KitLugia.GUI\KitLugia.GUI_5vymkrh2_wpftmp.csproj]
C:\Users\Lugia\source\repos\KitLugia\KitLugia.GUI\Pages\ServicesPage.xaml.cs(35,13): warning CS4014: Como esta chamada n├úo ├® aguardada, a execu├º├úo do m├®todo atual continua antes da conclus├úo da chamada. Considere aplicar o operador 'await' ao resultado da chamada. [C:\Users\Lugia\source\repos\KitLugia\KitLugia.GUI\KitLugia.GUI_5vymkrh2_wpftmp.csproj]
C:\Users\Lugia\source\repos\KitLugia\KitLugia.GUI\Pages\DriversPage.xaml.cs(79,84): warning CS4014: Como esta chamada n├úo ├® aguardada, a execu├º├úo do m├®todo atual continua antes da conclus├úo da chamada. Considere aplicar o operador 'await' ao resultado da chamada. [C:\Users\Lugia\source\repos\KitLugia\KitLugia.GUI\KitLugia.GUI_5vymkrh2_wpftmp.csproj]
C:\Users\Lugia\source\repos\KitLugia\KitLugia.GUI\Pages\ServicesPage.xaml.cs(54,83): warning CS4014: Como esta chamada n├úo ├® aguardada, a execu├º├úo do m├®todo atual continua antes da conclus├úo da chamada. Considere aplicar o operador 'await' ao resultado da chamada. [C:\Users\Lugia\source\repos\KitLugia\KitLugia.GUI\KitLugia.GUI_5vymkrh2_wpftmp.csproj]
C:\Users\Lugia\source\repos\KitLugia\KitLugia.GUI\Pages\ServicesPage.xaml.cs(68,25): warning CS4014: Como esta chamada n├úo ├® aguardada, a execu├º├úo do m├®todo atual continua antes da conclus├úo da chamada. Considere aplicar o operador 'await' ao resultado da chamada. [C:\Users\Lugia\source\repos\KitLugia\KitLugia.GUI\KitLugia.GUI_5vymkrh2_wpftmp.csproj]
C:\Users\Lugia\source\repos\KitLugia\KitLugia.GUI\Pages\TweaksPage.xaml.cs(23,13): warning CS4014: Como esta chamada n├úo ├® aguardada, a execu├º├úo do m├®todo atual continua antes da conclus├úo da chamada. Considere aplicar o operador 'await' ao resultado da chamada. [C:\Users\Lugia\source\repos\KitLugia\KitLugia.GUI\KitLugia.GUI_5vymkrh2_wpftmp.csproj]
C:\Users\Lugia\source\repos\KitLugia\KitLugia.GUI\Pages\IntegrityPage.xaml.cs(229,17): warning CS4014: Como esta chamada n├úo ├® aguardada, a execu├º├úo do m├®todo atual continua antes da conclus├úo da chamada. Considere aplicar o operador 'await' ao resultado da chamada. [C:\Users\Lugia\source\repos\KitLugia\KitLugia.GUI\KitLugia.GUI_5vymkrh2_wpftmp.csproj]
C:\Users\Lugia\source\repos\KitLugia\KitLugia.GUI\Pages\ServicesPage.xaml.cs(83,87): warning CS4014: Como esta chamada n├úo ├® aguardada, a execu├º├úo do m├®todo atual continua antes da conclus├úo da chamada. Considere aplicar o operador 'await' ao resultado da chamada. [C:\Users\Lugia\source\repos\KitLugia\KitLugia.GUI\KitLugia.GUI_5vymkrh2_wpftmp.csproj]
C:\Users\Lugia\source\repos\KitLugia\KitLugia.GUI\Pages\DriversPage.xaml.cs(189,25): warning CS4014: Como esta chamada n├úo ├® aguardada, a execu├º├úo do m├®todo atual continua antes da conclus├úo da chamada. Considere aplicar o operador 'await' ao resultado da chamada. [C:\Users\Lugia\source\repos\KitLugia\KitLugia.GUI\KitLugia.GUI_5vymkrh2_wpftmp.csproj]
C:\Users\Lugia\source\repos\KitLugia\KitLugia.GUI\Pages\ServicesPage.xaml.cs(118,13): warning CS4014: Como esta chamada n├úo ├® aguardada, a execu├º├úo do m├®todo atual continua antes da conclus├úo da chamada. Considere aplicar o operador 'await' ao resultado da chamada. [C:\Users\Lugia\source\repos\KitLugia\KitLugia.GUI\KitLugia.GUI_5vymkrh2_wpftmp.csproj]
C:\Users\Lugia\source\repos\KitLugia\KitLugia.GUI\Pages\ServicesPage.xaml.cs(125,13): warning CS4014: Como esta chamada n├úo ├® aguardada, a execu├º├úo do m├®todo atual continua antes da conclus├úo da chamada. Considere aplicar o operador 'await' ao resultado da chamada. [C:\Users\Lugia\source\repos\KitLugia\KitLugia.GUI\KitLugia.GUI_5vymkrh2_wpftmp.csproj]
C:\Users\Lugia\source\repos\KitLugia\KitLugia.GUI\Pages\ServicesPage.xaml.cs(132,13): warning CS4014: Como esta chamada n├úo ├® aguardada, a execu├º├úo do m├®todo atual continua antes da conclus├úo da chamada. Considere aplicar o operador 'await' ao resultado da chamada. [C:\Users\Lugia\source\repos\KitLugia\KitLugia.GUI\KitLugia.GUI_5vymkrh2_wpftmp.csproj]
C:\Users\Lugia\source\repos\KitLugia\KitLugia.GUI\Pages\PartitionsPage.xaml.cs(279,173): warning CS4014: Como esta chamada n├úo ├® aguardada, a execu├º├úo do m├®todo atual continua antes da conclus├úo da chamada. Considere aplicar o operador 'await' ao resultado da chamada. [C:\Users\Lugia\source\repos\KitLugia\KitLugia.GUI\KitLugia.GUI_5vymkrh2_wpftmp.csproj]
C:\Users\Lugia\source\repos\KitLugia\KitLugia.GUI\Pages\ServicesPage.xaml.cs(139,13): warning CS4014: Como esta chamada n├úo ├® aguardada, a execu├º├úo do m├®todo atual continua antes da conclus├úo da chamada. Considere aplicar o operador 'await' ao resultado da chamada. [C:\Users\Lugia\source\repos\KitLugia\KitLugia.GUI\KitLugia.GUI_5vymkrh2_wpftmp.csproj]
C:\Users\Lugia\source\repos\KitLugia\KitLugia.GUI\Pages\DriversPage.xaml.cs(246,86): warning CS4014: Como esta chamada n├úo ├® aguardada, a execu├º├úo do m├®todo atual continua antes da conclus├úo da chamada. Considere aplicar o operador 'await' ao resultado da chamada. [C:\Users\Lugia\source\repos\KitLugia\KitLugia.GUI\KitLugia.GUI_5vymkrh2_wpftmp.csproj]
C:\Users\Lugia\source\repos\KitLugia\KitLugia.GUI\Pages\ServicesPage.xaml.cs(158,21): warning CS4014: Como esta chamada n├úo ├® aguardada, a execu├º├úo do m├®todo atual continua antes da conclus├úo da chamada. Considere aplicar o operador 'await' ao resultado da chamada. [C:\Users\Lugia\source\repos\KitLugia\KitLugia.GUI\KitLugia.GUI_5vymkrh2_wpftmp.csproj]
C:\Users\Lugia\source\repos\KitLugia\KitLugia.GUI\Pages\ServicesPage.xaml.cs(180,21): warning CS4014: Como esta chamada n├úo ├® aguardada, a execu├º├úo do m├®todo atual continua antes da conclus├úo da chamada. Considere aplicar o operador 'await' ao resultado da chamada. [C:\Users\Lugia\source\repos\KitLugia\KitLugia.GUI\KitLugia.GUI_5vymkrh2_wpftmp.csproj]
C:\Users\Lugia\source\repos\KitLugia\KitLugia.GUI\Pages\DriversPage.xaml.cs(312,21): warning CS4014: Como esta chamada n├úo ├® aguardada, a execu├º├úo do m├®todo atual continua antes da conclus├úo da chamada. Considere aplicar o operador 'await' ao resultado da chamada. [C:\Users\Lugia\source\repos\KitLugia\KitLugia.GUI\KitLugia.GUI_5vymkrh2_wpftmp.csproj]
C:\Users\Lugia\source\repos\KitLugia\KitLugia.GUI\Pages\ToolsPage.xaml.cs(165,82): warning CS4014: Como esta chamada n├úo ├® aguardada, a execu├º├úo do m├®todo atual continua antes da conclus├úo da chamada. Considere aplicar o operador 'await' ao resultado da chamada. [C:\Users\Lugia\source\repos\KitLugia\KitLugia.GUI\KitLugia.GUI_5vymkrh2_wpftmp.csproj]
C:\Users\Lugia\source\repos\KitLugia\KitLugia.GUI\Pages\ToolsPage.xaml.cs(166,78): warning CS4014: Como esta chamada n├úo ├® aguardada, a execu├º├úo do m├®todo atual continua antes da conclus├úo da chamada. Considere aplicar o operador 'await' ao resultado da chamada. [C:\Users\Lugia\source\repos\KitLugia\KitLugia.GUI\KitLugia.GUI_5vymkrh2_wpftmp.csproj]
C:\Users\Lugia\source\repos\KitLugia\KitLugia.GUI\Pages\ToolsPage.xaml.cs(167,76): warning CS4014: Como esta chamada n├úo ├® aguardada, a execu├º├úo do m├®todo atual continua antes da conclus├úo da chamada. Considere aplicar o operador 'await' ao resultado da chamada. [C:\Users\Lugia\source\repos\KitLugia\KitLugia.GUI\KitLugia.GUI_5vymkrh2_wpftmp.csproj]
C:\Users\Lugia\source\repos\KitLugia\KitLugia.GUI\Pages\DriversPage.xaml.cs(330,21): warning CS4014: Como esta chamada n├úo ├® aguardada, a execu├º├úo do m├®todo atual continua antes da conclus├úo da chamada. Considere aplicar o operador 'await' ao resultado da chamada. [C:\Users\Lugia\source\repos\KitLugia\KitLugia.GUI\KitLugia.GUI_5vymkrh2_wpftmp.csproj]
C:\Users\Lugia\source\repos\KitLugia\KitLugia.GUI\Pages\ServicesPage.xaml.cs(217,84): warning CS4014: Como esta chamada n├úo ├® aguardada, a execu├º├úo do m├®todo atual continua antes da conclus├úo da chamada. Considere aplicar o operador 'await' ao resultado da chamada. [C:\Users\Lugia\source\repos\KitLugia\KitLugia.GUI\KitLugia.GUI_5vymkrh2_wpftmp.csproj]
C:\Users\Lugia\source\repos\KitLugia\KitLugia.GUI\Pages\ServicesPage.xaml.cs(227,17): warning CS4014: Como esta chamada n├úo ├® aguardada, a execu├º├úo do m├®todo atual continua antes da conclus├úo da chamada. Considere aplicar o operador 'await' ao resultado da chamada. [C:\Users\Lugia\source\repos\KitLugia\KitLugia.GUI\KitLugia.GUI_5vymkrh2_wpftmp.csproj]
C:\Users\Lugia\source\repos\KitLugia\KitLugia.GUI\Pages\ServicesPage.xaml.cs(231,76): warning CS4014: Como esta chamada n├úo ├® aguardada, a execu├º├úo do m├®todo atual continua antes da conclus├úo da chamada. Considere aplicar o operador 'await' ao resultado da chamada. [C:\Users\Lugia\source\repos\KitLugia\KitLugia.GUI\KitLugia.GUI_5vymkrh2_wpftmp.csproj]
C:\Users\Lugia\source\repos\KitLugia\KitLugia.GUI\Pages\ServicesPage.xaml.cs(232,77): warning CS4014: Como esta chamada n├úo ├® aguardada, a execu├º├úo do m├®todo atual continua antes da conclus├úo da chamada. Considere aplicar o operador 'await' ao resultado da chamada. [C:\Users\Lugia\source\repos\KitLugia\KitLugia.GUI\KitLugia.GUI_5vymkrh2_wpftmp.csproj]
C:\Users\Lugia\source\repos\KitLugia\KitLugia.GUI\Pages\ServicesPage.xaml.cs(233,84): warning CS4014: Como esta chamada n├úo ├® aguardada, a execu├º├úo do m├®todo atual continua antes da conclus├úo da chamada. Considere aplicar o operador 'await' ao resultado da chamada. [C:\Users\Lugia\source\repos\KitLugia\KitLugia.GUI\KitLugia.GUI_5vymkrh2_wpftmp.csproj]
C:\Users\Lugia\source\repos\KitLugia\KitLugia.GUI\Pages\ServicesPage.xaml.cs(254,17): warning CS4014: Como esta chamada n├úo ├® aguardada, a execu├º├úo do m├®todo atual continua antes da conclus├úo da chamada. Considere aplicar o operador 'await' ao resultado da chamada. [C:\Users\Lugia\source\repos\KitLugia\KitLugia.GUI\KitLugia.GUI_5vymkrh2_wpftmp.csproj]
C:\Users\Lugia\source\repos\KitLugia\KitLugia.GUI\Pages\ServicesPage.xaml.cs(258,77): warning CS4014: Como esta chamada n├úo ├® aguardada, a execu├º├úo do m├®todo atual continua antes da conclus├úo da chamada. Considere aplicar o operador 'await' ao resultado da chamada. [C:\Users\Lugia\source\repos\KitLugia\KitLugia.GUI\KitLugia.GUI_5vymkrh2_wpftmp.csproj]
C:\Users\Lugia\source\repos\KitLugia\KitLugia.GUI\Pages\ServicesPage.xaml.cs(259,79): warning CS4014: Como esta chamada n├úo ├® aguardada, a execu├º├úo do m├®todo atual continua antes da conclus├úo da chamada. Considere aplicar o operador 'await' ao resultado da chamada. [C:\Users\Lugia\source\repos\KitLugia\KitLugia.GUI\KitLugia.GUI_5vymkrh2_wpftmp.csproj]
C:\Users\Lugia\source\repos\KitLugia\KitLugia.GUI\Pages\ServicesPage.xaml.cs(260,81): warning CS4014: Como esta chamada n├úo ├® aguardada, a execu├º├úo do m├®todo atual continua antes da conclus├úo da chamada. Considere aplicar o operador 'await' ao resultado da chamada. [C:\Users\Lugia\source\repos\KitLugia\KitLugia.GUI\KitLugia.GUI_5vymkrh2_wpftmp.csproj]
C:\Users\Lugia\source\repos\KitLugia\KitLugia.GUI\Pages\ServicesPage.xaml.cs(261,80): warning CS4014: Como esta chamada n├úo ├® aguardada, a execu├º├úo do m├®todo atual continua antes da conclus├úo da chamada. Considere aplicar o operador 'await' ao resultado da chamada. [C:\Users\Lugia\source\repos\KitLugia\KitLugia.GUI\KitLugia.GUI_5vymkrh2_wpftmp.csproj]
C:\Users\Lugia\source\repos\KitLugia\KitLugia.GUI\Pages\ServicesPage.xaml.cs(285,21): warning CS4014: Como esta chamada n├úo ├® aguardada, a execu├º├úo do m├®todo atual continua antes da conclus├úo da chamada. Considere aplicar o operador 'await' ao resultado da chamada. [C:\Users\Lugia\source\repos\KitLugia\KitLugia.GUI\KitLugia.GUI_5vymkrh2_wpftmp.csproj]
C:\Users\Lugia\source\repos\KitLugia\KitLugia.GUI\Pages\WinbootPage.xaml.cs(542,22): warning CS4014: Como esta chamada n├úo ├® aguardada, a execu├º├úo do m├®todo atual continua antes da conclus├úo da chamada. Considere aplicar o operador 'await' ao resultado da chamada. [C:\Users\Lugia\source\repos\KitLugia\KitLugia.GUI\KitLugia.GUI_5vymkrh2_wpftmp.csproj]
C:\Users\Lugia\source\repos\KitLugia\KitLugia.GUI\Pages\ServicesPage.xaml.cs(299,17): warning CS4014: Como esta chamada n├úo ├® aguardada, a execu├º├úo do m├®todo atual continua antes da conclus├úo da chamada. Considere aplicar o operador 'await' ao resultado da chamada. [C:\Users\Lugia\source\repos\KitLugia\KitLugia.GUI\KitLugia.GUI_5vymkrh2_wpftmp.csproj]
C:\Users\Lugia\source\repos\KitLugia\KitLugia.GUI\Pages\WinbootPage.xaml.cs(568,13): warning CS4014: Como esta chamada n├úo ├® aguardada, a execu├º├úo do m├®todo atual continua antes da conclus├úo da chamada. Considere aplicar o operador 'await' ao resultado da chamada. [C:\Users\Lugia\source\repos\KitLugia\KitLugia.GUI\KitLugia.GUI_5vymkrh2_wpftmp.csproj]

FALHA da compila├º├úo.

C:\Users\Lugia\source\repos\KitLugia\KitLugia.GUI\Pages\DashboardPage.xaml.cs(15,13): warning CS4014: Como esta chamada n├úo ├® aguardada, a execu├º├úo do m├®todo atual continua antes da conclus├úo da chamada. Considere aplicar o operador 'await' ao resultado da chamada. [C:\Users\Lugia\source\repos\KitLugia\KitLugia.GUI\KitLugia.GUI_5vymkrh2_wpftmp.csproj]
C:\Users\Lugia\source\repos\KitLugia\KitLugia.GUI\Pages\BloatwarePage.xaml.cs(24,13): warning CS4014: Como esta chamada n├úo ├® aguardada, a execu├º├úo do m├®todo atual continua antes da conclus├úo da chamada. Considere aplicar o operador 'await' ao resultado da chamada. [C:\Users\Lugia\source\repos\KitLugia\KitLugia.GUI\KitLugia.GUI_5vymkrh2_wpftmp.csproj]
C:\Users\Lugia\source\repos\KitLugia\KitLugia.GUI\Pages\GamesPage.xaml.cs(15,13): warning CS4014: Como esta chamada n├úo ├® aguardada, a execu├º├úo do m├®todo atual continua antes da conclus├úo da chamada. Considere aplicar o operador 'await' ao resultado da chamada. [C:\Users\Lugia\source\repos\KitLugia\KitLugia.GUI\KitLugia.GUI_5vymkrh2_wpftmp.csproj]
C:\Users\Lugia\source\repos\KitLugia\KitLugia.GUI\Pages\DriversPage.xaml.cs(25,13): warning CS4014: Como esta chamada n├úo ├® aguardada, a execu├º├úo do m├®todo atual continua antes da conclus├úo da chamada. Considere aplicar o operador 'await' ao resultado da chamada. [C:\Users\Lugia\source\repos\KitLugia\KitLugia.GUI\KitLugia.GUI_5vymkrh2_wpftmp.csproj]
C:\Users\Lugia\source\repos\KitLugia\KitLugia.GUI\Pages\DriversPage.xaml.cs(26,13): warning CS4014: Como esta chamada n├úo ├® aguardada, a execu├º├úo do m├®todo atual continua antes da conclus├úo da chamada. Considere aplicar o operador 'await' ao resultado da chamada. [C:\Users\Lugia\source\repos\KitLugia\KitLugia.GUI\KitLugia.GUI_5vymkrh2_wpftmp.csproj]
C:\Users\Lugia\source\repos\KitLugia\KitLugia.GUI\Pages\IntegrityPage.xaml.cs(26,13): warning CS4014: Como esta chamada n├úo ├® aguardada, a execu├º├úo do m├®todo atual continua antes da conclus├úo da chamada. Considere aplicar o operador 'await' ao resultado da chamada. [C:\Users\Lugia\source\repos\KitLugia\KitLugia.GUI\KitLugia.GUI_5vymkrh2_wpftmp.csproj]
C:\Users\Lugia\source\repos\KitLugia\KitLugia.GUI\Pages\NetworkPage.xaml.cs(31,13): warning CS4014: Como esta chamada n├úo ├® aguardada, a execu├º├úo do m├®todo atual continua antes da conclus├úo da chamada. Considere aplicar o operador 'await' ao resultado da chamada. [C:\Users\Lugia\source\repos\KitLugia\KitLugia.GUI\KitLugia.GUI_5vymkrh2_wpftmp.csproj]
C:\Users\Lugia\source\repos\KitLugia\KitLugia.GUI\Pages\BloatwarePage.xaml.cs(77,13): warning CS4014: Como esta chamada n├úo ├® aguardada, a execu├º├úo do m├®todo atual continua antes da conclus├úo da chamada. Considere aplicar o operador 'await' ao resultado da chamada. [C:\Users\Lugia\source\repos\KitLugia\KitLugia.GUI\KitLugia.GUI_5vymkrh2_wpftmp.csproj]
C:\Users\Lugia\source\repos\KitLugia\KitLugia.GUI\Pages\IntegrityPage.xaml.cs(119,13): warning CS4014: Como esta chamada n├úo ├® aguardada, a execu├º├úo do m├®todo atual continua antes da conclus├úo da chamada. Considere aplicar o operador 'await' ao resultado da chamada. [C:\Users\Lugia\source\repos\KitLugia\KitLugia.GUI\KitLugia.GUI_5vymkrh2_wpftmp.csproj]
C:\Users\Lugia\source\repos\KitLugia\KitLugia.GUI\Pages\NetworkPage.xaml.cs(99,13): warning CS4014: Como esta chamada n├úo ├® aguardada, a execu├º├úo do m├®todo atual continua antes da conclus├úo da chamada. Considere aplicar o operador 'await' ao resultado da chamada. [C:\Users\Lugia\source\repos\KitLugia\KitLugia.GUI\KitLugia.GUI_5vymkrh2_wpftmp.csproj]
C:\Users\Lugia\source\repos\KitLugia\KitLugia.GUI\Pages\NetworkPage.xaml.cs(102,82): warning CS4014: Como esta chamada n├úo ├® aguardada, a execu├º├úo do m├®todo atual continua antes da conclus├úo da chamada. Considere aplicar o operador 'await' ao resultado da chamada. [C:\Users\Lugia\source\repos\KitLugia\KitLugia.GUI\KitLugia.GUI_5vymkrh2_wpftmp.csproj]
C:\Users\Lugia\source\repos\KitLugia\KitLugia.GUI\Pages\NetworkPage.xaml.cs(103,78): warning CS4014: Como esta chamada n├úo ├® aguardada, a execu├º├úo do m├®todo atual continua antes da conclus├úo da chamada. Considere aplicar o operador 'await' ao resultado da chamada. [C:\Users\Lugia\source\repos\KitLugia\KitLugia.GUI\KitLugia.GUI_5vymkrh2_wpftmp.csproj]
C:\Users\Lugia\source\repos\KitLugia\KitLugia.GUI\Pages\NetworkPage.xaml.cs(104,77): warning CS4014: Como esta chamada n├úo ├® aguardada, a execu├º├úo do m├®todo atual continua antes da conclus├úo da chamada. Considere aplicar o operador 'await' ao resultado da chamada. [C:\Users\Lugia\source\repos\KitLugia\KitLugia.GUI\KitLugia.GUI_5vymkrh2_wpftmp.csproj]
C:\Users\Lugia\source\repos\KitLugia\KitLugia.GUI\Pages\IntegrityPage.xaml.cs(179,21): warning CS4014: Como esta chamada n├úo ├® aguardada, a execu├º├úo do m├®todo atual continua antes da conclus├úo da chamada. Considere aplicar o operador 'await' ao resultado da chamada. [C:\Users\Lugia\source\repos\KitLugia\KitLugia.GUI\KitLugia.GUI_5vymkrh2_wpftmp.csproj]
C:\Users\Lugia\source\repos\KitLugia\KitLugia.GUI\Pages\PrivacyPage.xaml.cs(100,85): warning CS4014: Como esta chamada n├úo ├® aguardada, a execu├º├úo do m├®todo atual continua antes da conclus├úo da chamada. Considere aplicar o operador 'await' ao resultado da chamada. [C:\Users\Lugia\source\repos\KitLugia\KitLugia.GUI\KitLugia.GUI_5vymkrh2_wpftmp.csproj]
C:\Users\Lugia\source\repos\KitLugia\KitLugia.GUI\Pages\PrivacyPage.xaml.cs(101,81): warning CS4014: Como esta chamada n├úo ├® aguardada, a execu├º├úo do m├®todo atual continua antes da conclus├úo da chamada. Considere aplicar o operador 'await' ao resultado da chamada. [C:\Users\Lugia\source\repos\KitLugia\KitLugia.GUI\KitLugia.GUI_5vymkrh2_wpftmp.csproj]
C:\Users\Lugia\source\repos\KitLugia\KitLugia.GUI\Pages\PrivacyPage.xaml.cs(102,88): warning CS4014: Como esta chamada n├úo ├® aguardada, a execu├º├úo do m├®todo atual continua antes da conclus├úo da chamada. Considere aplicar o operador 'await' ao resultado da chamada. [C:\Users\Lugia\source\repos\KitLugia\KitLugia.GUI\KitLugia.GUI_5vymkrh2_wpftmp.csproj]
C:\Users\Lugia\source\repos\KitLugia\KitLugia.GUI\Pages\ServicesPage.xaml.cs(33,13): warning CS4014: Como esta chamada n├úo ├® aguardada, a execu├º├úo do m├®todo atual continua antes da conclus├úo da chamada. Considere aplicar o operador 'await' ao resultado da chamada. [C:\Users\Lugia\source\repos\KitLugia\KitLugia.GUI\KitLugia.GUI_5vymkrh2_wpftmp.csproj]
C:\Users\Lugia\source\repos\KitLugia\KitLugia.GUI\Pages\ServicesPage.xaml.cs(34,13): warning CS4014: Como esta chamada n├úo ├® aguardada, a execu├º├úo do m├®todo atual continua antes da conclus├úo da chamada. Considere aplicar o operador 'await' ao resultado da chamada. [C:\Users\Lugia\source\repos\KitLugia\KitLugia.GUI\KitLugia.GUI_5vymkrh2_wpftmp.csproj]
C:\Users\Lugia\source\repos\KitLugia\KitLugia.GUI\Pages\ServicesPage.xaml.cs(35,13): warning CS4014: Como esta chamada n├úo ├® aguardada, a execu├º├úo do m├®todo atual continua antes da conclus├úo da chamada. Considere aplicar o operador 'await' ao resultado da chamada. [C:\Users\Lugia\source\repos\KitLugia\KitLugia.GUI\KitLugia.GUI_5vymkrh2_wpftmp.csproj]
C:\Users\Lugia\source\repos\KitLugia\KitLugia.GUI\Pages\DriversPage.xaml.cs(79,84): warning CS4014: Como esta chamada n├úo ├® aguardada, a execu├º├úo do m├®todo atual continua antes da conclus├úo da chamada. Considere aplicar o operador 'await' ao resultado da chamada. [C:\Users\Lugia\source\repos\KitLugia\KitLugia.GUI\KitLugia.GUI_5vymkrh2_wpftmp.csproj]
C:\Users\Lugia\source\repos\KitLugia\KitLugia.GUI\Pages\ServicesPage.xaml.cs(54,83): warning CS4014: Como esta chamada n├úo ├® aguardada, a execu├º├úo do m├®todo atual continua antes da conclus├úo da chamada. Considere aplicar o operador 'await' ao resultado da chamada. [C:\Users\Lugia\source\repos\KitLugia\KitLugia.GUI\KitLugia.GUI_5vymkrh2_wpftmp.csproj]
C:\Users\Lugia\source\repos\KitLugia\KitLugia.GUI\Pages\ServicesPage.xaml.cs(68,25): warning CS4014: Como esta chamada n├úo ├® aguardada, a execu├º├úo do m├®todo atual continua antes da conclus├úo da chamada. Considere aplicar o operador 'await' ao resultado da chamada. [C:\Users\Lugia\source\repos\KitLugia\KitLugia.GUI\KitLugia.GUI_5vymkrh2_wpftmp.csproj]
C:\Users\Lugia\source\repos\KitLugia\KitLugia.GUI\Pages\TweaksPage.xaml.cs(23,13): warning CS4014: Como esta chamada n├úo ├® aguardada, a execu├º├úo do m├®todo atual continua antes da conclus├úo da chamada. Considere aplicar o operador 'await' ao resultado da chamada. [C:\Users\Lugia\source\repos\KitLugia\KitLugia.GUI\KitLugia.GUI_5vymkrh2_wpftmp.csproj]
C:\Users\Lugia\source\repos\KitLugia\KitLugia.GUI\Pages\IntegrityPage.xaml.cs(229,17): warning CS4014: Como esta chamada n├úo ├® aguardada, a execu├º├úo do m├®todo atual continua antes da conclus├úo da chamada. Considere aplicar o operador 'await' ao resultado da chamada. [C:\Users\Lugia\source\repos\KitLugia\KitLugia.GUI\KitLugia.GUI_5vymkrh2_wpftmp.csproj]
C:\Users\Lugia\source\repos\KitLugia\KitLugia.GUI\Pages\ServicesPage.xaml.cs(83,87): warning CS4014: Como esta chamada n├úo ├® aguardada, a execu├º├úo do m├®todo atual continua antes da conclus├úo da chamada. Considere aplicar o operador 'await' ao resultado da chamada. [C:\Users\Lugia\source\repos\KitLugia\KitLugia.GUI\KitLugia.GUI_5vymkrh2_wpftmp.csproj]
C:\Users\Lugia\source\repos\KitLugia\KitLugia.GUI\Pages\DriversPage.xaml.cs(189,25): warning CS4014: Como esta chamada n├úo ├® aguardada, a execu├º├úo do m├®todo atual continua antes da conclus├úo da chamada. Considere aplicar o operador 'await' ao resultado da chamada. [C:\Users\Lugia\source\repos\KitLugia\KitLugia.GUI\KitLugia.GUI_5vymkrh2_wpftmp.csproj]
C:\Users\Lugia\source\repos\KitLugia\KitLugia.GUI\Pages\ServicesPage.xaml.cs(118,13): warning CS4014: Como esta chamada n├úo ├® aguardada, a execu├º├úo do m├®todo atual continua antes da conclus├úo da chamada. Considere aplicar o operador 'await' ao resultado da chamada. [C:\Users\Lugia\source\repos\KitLugia\KitLugia.GUI\KitLugia.GUI_5vymkrh2_wpftmp.csproj]
C:\Users\Lugia\source\repos\KitLugia\KitLugia.GUI\Pages\ServicesPage.xaml.cs(125,13): warning CS4014: Como esta chamada n├úo ├® aguardada, a execu├º├úo do m├®todo atual continua antes da conclus├úo da chamada. Considere aplicar o operador 'await' ao resultado da chamada. [C:\Users\Lugia\source\repos\KitLugia\KitLugia.GUI\KitLugia.GUI_5vymkrh2_wpftmp.csproj]
C:\Users\Lugia\source\repos\KitLugia\KitLugia.GUI\Pages\ServicesPage.xaml.cs(132,13): warning CS4014: Como esta chamada n├úo ├® aguardada, a execu├º├úo do m├®todo atual continua antes da conclus├úo da chamada. Considere aplicar o operador 'await' ao resultado da chamada. [C:\Users\Lugia\source\repos\KitLugia\KitLugia.GUI\KitLugia.GUI_5vymkrh2_wpftmp.csproj]
C:\Users\Lugia\source\repos\KitLugia\KitLugia.GUI\Pages\PartitionsPage.xaml.cs(279,173): warning CS4014: Como esta chamada n├úo ├® aguardada, a execu├º├úo do m├®todo atual continua antes da conclus├úo da chamada. Considere aplicar o operador 'await' ao resultado da chamada. [C:\Users\Lugia\source\repos\KitLugia\KitLugia.GUI\KitLugia.GUI_5vymkrh2_wpftmp.csproj]
C:\Users\Lugia\source\repos\KitLugia\KitLugia.GUI\Pages\ServicesPage.xaml.cs(139,13): warning CS4014: Como esta chamada n├úo ├® aguardada, a execu├º├úo do m├®todo atual continua antes da conclus├úo da chamada. Considere aplicar o operador 'await' ao resultado da chamada. [C:\Users\Lugia\source\repos\KitLugia\KitLugia.GUI\KitLugia.GUI_5vymkrh2_wpftmp.csproj]
C:\Users\Lugia\source\repos\KitLugia\KitLugia.GUI\Pages\DriversPage.xaml.cs(246,86): warning CS4014: Como esta chamada n├úo ├® aguardada, a execu├º├úo do m├®todo atual continua antes da conclus├úo da chamada. Considere aplicar o operador 'await' ao resultado da chamada. [C:\Users\Lugia\source\repos\KitLugia\KitLugia.GUI\KitLugia.GUI_5vymkrh2_wpftmp.csproj]
C:\Users\Lugia\source\repos\KitLugia\KitLugia.GUI\Pages\ServicesPage.xaml.cs(158,21): warning CS4014: Como esta chamada n├úo ├® aguardada, a execu├º├úo do m├®todo atual continua antes da conclus├úo da chamada. Considere aplicar o operador 'await' ao resultado da chamada. [C:\Users\Lugia\source\repos\KitLugia\KitLugia.GUI\KitLugia.GUI_5vymkrh2_wpftmp.csproj]
C:\Users\Lugia\source\repos\KitLugia\KitLugia.GUI\Pages\ServicesPage.xaml.cs(180,21): warning CS4014: Como esta chamada n├úo ├® aguardada, a execu├º├úo do m├®todo atual continua antes da conclus├úo da chamada. Considere aplicar o operador 'await' ao resultado da chamada. [C:\Users\Lugia\source\repos\KitLugia\KitLugia.GUI\KitLugia.GUI_5vymkrh2_wpftmp.csproj]
C:\Users\Lugia\source\repos\KitLugia\KitLugia.GUI\Pages\DriversPage.xaml.cs(312,21): warning CS4014: Como esta chamada n├úo ├® aguardada, a execu├º├úo do m├®todo atual continua antes da conclus├úo da chamada. Considere aplicar o operador 'await' ao resultado da chamada. [C:\Users\Lugia\source\repos\KitLugia\KitLugia.GUI\KitLugia.GUI_5vymkrh2_wpftmp.csproj]
C:\Users\Lugia\source\repos\KitLugia\KitLugia.GUI\Pages\ToolsPage.xaml.cs(165,82): warning CS4014: Como esta chamada n├úo ├® aguardada, a execu├º├úo do m├®todo atual continua antes da conclus├úo da chamada. Considere aplicar o operador 'await' ao resultado da chamada. [C:\Users\Lugia\source\repos\KitLugia\KitLugia.GUI\KitLugia.GUI_5vymkrh2_wpftmp.csproj]
C:\Users\Lugia\source\repos\KitLugia\KitLugia.GUI\Pages\ToolsPage.xaml.cs(166,78): warning CS4014: Como esta chamada n├úo ├® aguardada, a execu├º├úo do m├®todo atual continua antes da conclus├úo da chamada. Considere aplicar o operador 'await' ao resultado da chamada. [C:\Users\Lugia\source\repos\KitLugia\KitLugia.GUI\KitLugia.GUI_5vymkrh2_wpftmp.csproj]
C:\Users\Lugia\source\repos\KitLugia\KitLugia.GUI\Pages\ToolsPage.xaml.cs(167,76): warning CS4014: Como esta chamada n├úo ├® aguardada, a execu├º├úo do m├®todo atual continua antes da conclus├úo da chamada. Considere aplicar o operador 'await' ao resultado da chamada. [C:\Users\Lugia\source\repos\KitLugia\KitLugia.GUI\KitLugia.GUI_5vymkrh2_wpftmp.csproj]
C:\Users\Lugia\source\repos\KitLugia\KitLugia.GUI\Pages\DriversPage.xaml.cs(330,21): warning CS4014: Como esta chamada n├úo ├® aguardada, a execu├º├úo do m├®todo atual continua antes da conclus├úo da chamada. Considere aplicar o operador 'await' ao resultado da chamada. [C:\Users\Lugia\source\repos\KitLugia\KitLugia.GUI\KitLugia.GUI_5vymkrh2_wpftmp.csproj]
C:\Users\Lugia\source\repos\KitLugia\KitLugia.GUI\Pages\ServicesPage.xaml.cs(217,84): warning CS4014: Como esta chamada n├úo ├® aguardada, a execu├º├úo do m├®todo atual continua antes da conclus├úo da chamada. Considere aplicar o operador 'await' ao resultado da chamada. [C:\Users\Lugia\source\repos\KitLugia\KitLugia.GUI\KitLugia.GUI_5vymkrh2_wpftmp.csproj]
C:\Users\Lugia\source\repos\KitLugia\KitLugia.GUI\Pages\ServicesPage.xaml.cs(227,17): warning CS4014: Como esta chamada n├úo ├® aguardada, a execu├º├úo do m├®todo atual continua antes da conclus├úo da chamada. Considere aplicar o operador 'await' ao resultado da chamada. [C:\Users\Lugia\source\repos\KitLugia\KitLugia.GUI\KitLugia.GUI_5vymkrh2_wpftmp.csproj]
C:\Users\Lugia\source\repos\KitLugia\KitLugia.GUI\Pages\ServicesPage.xaml.cs(231,76): warning CS4014: Como esta chamada n├úo ├® aguardada, a execu├º├úo do m├®todo atual continua antes da conclus├úo da chamada. Considere aplicar o operador 'await' ao resultado da chamada. [C:\Users\Lugia\source\repos\KitLugia\KitLugia.GUI\KitLugia.GUI_5vymkrh2_wpftmp.csproj]
C:\Users\Lugia\source\repos\KitLugia\KitLugia.GUI\Pages\ServicesPage.xaml.cs(232,77): warning CS4014: Como esta chamada n├úo ├® aguardada, a execu├º├úo do m├®todo atual continua antes da conclus├úo da chamada. Considere aplicar o operador 'await' ao resultado da chamada. [C:\Users\Lugia\source\repos\KitLugia\KitLugia.GUI\KitLugia.GUI_5vymkrh2_wpftmp.csproj]
C:\Users\Lugia\source\repos\KitLugia\KitLugia.GUI\Pages\ServicesPage.xaml.cs(233,84): warning CS4014: Como esta chamada n├úo ├® aguardada, a execu├º├úo do m├®todo atual continua antes da conclus├úo da chamada. Considere aplicar o operador 'await' ao resultado da chamada. [C:\Users\Lugia\source\repos\KitLugia\KitLugia.GUI\KitLugia.GUI_5vymkrh2_wpftmp.csproj]
C:\Users\Lugia\source\repos\KitLugia\KitLugia.GUI\Pages\ServicesPage.xaml.cs(254,17): warning CS4014: Como esta chamada n├úo ├® aguardada, a execu├º├úo do m├®todo atual continua antes da conclus├úo da chamada. Considere aplicar o operador 'await' ao resultado da chamada. [C:\Users\Lugia\source\repos\KitLugia\KitLugia.GUI\KitLugia.GUI_5vymkrh2_wpftmp.csproj]
C:\Users\Lugia\source\repos\KitLugia\KitLugia.GUI\Pages\ServicesPage.xaml.cs(258,77): warning CS4014: Como esta chamada n├úo ├® aguardada, a execu├º├úo do m├®todo atual continua antes da conclus├úo da chamada. Considere aplicar o operador 'await' ao resultado da chamada. [C:\Users\Lugia\source\repos\KitLugia\KitLugia.GUI\KitLugia.GUI_5vymkrh2_wpftmp.csproj]
C:\Users\Lugia\source\repos\KitLugia\KitLugia.GUI\Pages\ServicesPage.xaml.cs(259,79): warning CS4014: Como esta chamada n├úo ├® aguardada, a execu├º├úo do m├®todo atual continua antes da conclus├úo da chamada. Considere aplicar o operador 'await' ao resultado da chamada. [C:\Users\Lugia\source\repos\KitLugia\KitLugia.GUI\KitLugia.GUI_5vymkrh2_wpftmp.csproj]
C:\Users\Lugia\source\repos\KitLugia\KitLugia.GUI\Pages\ServicesPage.xaml.cs(260,81): warning CS4014: Como esta chamada n├úo ├® aguardada, a execu├º├úo do m├®todo atual continua antes da conclus├úo da chamada. Considere aplicar o operador 'await' ao resultado da chamada. [C:\Users\Lugia\source\repos\KitLugia\KitLugia.GUI\KitLugia.GUI_5vymkrh2_wpftmp.csproj]
C:\Users\Lugia\source\repos\KitLugia\KitLugia.GUI\Pages\ServicesPage.xaml.cs(261,80): warning CS4014: Como esta chamada n├úo ├® aguardada, a execu├º├úo do m├®todo atual continua antes da conclus├úo da chamada. Considere aplicar o operador 'await' ao resultado da chamada. [C:\Users\Lugia\source\repos\KitLugia\KitLugia.GUI\KitLugia.GUI_5vymkrh2_wpftmp.csproj]
C:\Users\Lugia\source\repos\KitLugia\KitLugia.GUI\Pages\ServicesPage.xaml.cs(285,21): warning CS4014: Como esta chamada n├úo ├® aguardada, a execu├º├úo do m├®todo atual continua antes da conclus├úo da chamada. Considere aplicar o operador 'await' ao resultado da chamada. [C:\Users\Lugia\source\repos\KitLugia\KitLugia.GUI\KitLugia.GUI_5vymkrh2_wpftmp.csproj]
C:\Users\Lugia\source\repos\KitLugia\KitLugia.GUI\Pages\WinbootPage.xaml.cs(542,22): warning CS4014: Como esta chamada n├úo ├® aguardada, a execu├º├úo do m├®todo atual continua antes da conclus├úo da chamada. Considere aplicar o operador 'await' ao resultado da chamada. [C:\Users\Lugia\source\repos\KitLugia\KitLugia.GUI\KitLugia.GUI_5vymkrh2_wpftmp.csproj]
C:\Users\Lugia\source\repos\KitLugia\KitLugia.GUI\Pages\ServicesPage.xaml.cs(299,17): warning CS4014: Como esta chamada n├úo ├® aguardada, a execu├º├úo do m├®todo atual continua antes da conclus├úo da chamada. Considere aplicar o operador 'await' ao resultado da chamada. [C:\Users\Lugia\source\repos\KitLugia\KitLugia.GUI\KitLugia.GUI_5vymkrh2_wpftmp.csproj]
C:\Users\Lugia\source\repos\KitLugia\KitLugia.GUI\Pages\WinbootPage.xaml.cs(568,13): warning CS4014: Como esta chamada n├úo ├® aguardada, a execu├º├úo do m├®todo atual continua antes da conclus├úo da chamada. Considere aplicar o operador 'await' ao resultado da chamada. [C:\Users\Lugia\source\repos\KitLugia\KitLugia.GUI\KitLugia.GUI_5vymkrh2_wpftmp.csproj]
C:\Users\Lugia\source\repos\KitLugia\KitLugia.GUI\Pages\PartitionPage.xaml.cs(23,19): error CS0104: "Application" ├® uma refer├¬ncia amb├¡gua entre "System.Windows.Forms.Application" e "System.Windows.Application" [C:\Users\Lugia\source\repos\KitLugia\KitLugia.GUI\KitLugia.GUI_5vymkrh2_wpftmp.csproj]
C:\Users\Lugia\source\repos\KitLugia\KitLugia.GUI\Pages\PartitionPage.xaml.cs(34,19): error CS0104: "Application" ├® uma refer├¬ncia amb├¡gua entre "System.Windows.Forms.Application" e "System.Windows.Application" [C:\Users\Lugia\source\repos\KitLugia\KitLugia.GUI\KitLugia.GUI_5vymkrh2_wpftmp.csproj]
C:\Users\Lugia\source\repos\KitLugia\KitLugia.GUI\Pages\PartitionPage.xaml.cs(42,19): error CS0104: "Application" ├® uma refer├¬ncia amb├¡gua entre "System.Windows.Forms.Application" e "System.Windows.Application" [C:\Users\Lugia\source\repos\KitLugia\KitLugia.GUI\KitLugia.GUI_5vymkrh2_wpftmp.csproj]
C:\Users\Lugia\source\repos\KitLugia\KitLugia.GUI\Pages\PartitionPage.xaml.cs(73,13): error CS0104: "MessageBox" ├® uma refer├¬ncia amb├¡gua entre "System.Windows.Forms.MessageBox" e "System.Windows.MessageBox" [C:\Users\Lugia\source\repos\KitLugia\KitLugia.GUI\KitLugia.GUI_5vymkrh2_wpftmp.csproj]
C:\Users\Lugia\source\repos\KitLugia\KitLugia.GUI\Pages\PartitionPage.xaml.cs(78,19): error CS0104: "Application" ├® uma refer├¬ncia amb├¡gua entre "System.Windows.Forms.Application" e "System.Windows.Application" [C:\Users\Lugia\source\repos\KitLugia\KitLugia.GUI\KitLugia.GUI_5vymkrh2_wpftmp.csproj]
    54 Aviso(s)
    5 Erro(s)

Tempo Decorrido 00:00:01.31
